This is pdfTeX, Version 3.141592653-2.6-1.40.25 (TeX Live 2023/Debian) (preloaded format=pdflatex 2025.5.19)  11 DEC 2025 23:41
entering extended mode
 restricted \write18 enabled.
 %&-line parsing enabled.
**main.tex
(./main.tex
LaTeX2e <2023-11-01> patch level 1
L3 programming layer <2024-01-22>
(/usr/share/texlive/texmf-dist/tex/latex/base/book.cls
Document Class: book 2023/05/17 v1.4n Standard LaTeX document class
(/usr/share/texlive/texmf-dist/tex/latex/base/bk11.clo
File: bk11.clo 2023/05/17 v1.4n Standard LaTeX file (size option)
)
\c@part=\count187
\c@chapter=\count188
\c@section=\count189
\c@subsection=\count190
\c@subsubsection=\count191
\c@paragraph=\count192
\c@subparagraph=\count193
\c@figure=\count194
\c@table=\count195
\abovecaptionskip=\skip48
\belowcaptionskip=\skip49
\bibindent=\dimen140
)
(/usr/share/texlive/texmf-dist/tex/latex/base/inputenc.sty
Package: inputenc 2021/02/14 v1.3d Input encoding file
\inpenc@prehook=\toks17
\inpenc@posthook=\toks18
)
(/usr/share/texlive/texmf-dist/tex/latex/base/fontenc.sty
Package: fontenc 2021/04/29 v2.0v Standard LaTeX package
)
(/usr/share/texlive/texmf-dist/tex/latex/graphics/graphicx.sty
Package: graphicx 2021/09/16 v1.2d Enhanced LaTeX Graphics (DPC,SPQR)

(/usr/share/texlive/texmf-dist/tex/latex/graphics/keyval.sty
Package: keyval 2022/05/29 v1.15 key=value parser (DPC)
\KV@toks@=\toks19
)
(/usr/share/texlive/texmf-dist/tex/latex/graphics/graphics.sty
Package: graphics 2022/03/10 v1.4e Standard LaTeX Graphics (DPC,SPQR)

(/usr/share/texlive/texmf-dist/tex/latex/graphics/trig.sty
Package: trig 2021/08/11 v1.11 sin cos tan (DPC)
)
(/usr/share/texlive/texmf-dist/tex/latex/graphics-cfg/graphics.cfg
File: graphics.cfg 2016/06/04 v1.11 sample graphics configuration
)
Package graphics Info: Driver file: pdftex.def on input line 107.

(/usr/share/texlive/texmf-dist/tex/latex/graphics-def/pdftex.def
File: pdftex.def 2022/09/22 v1.2b Graphics/color driver for pdftex
))
\Gin@req@height=\dimen141
\Gin@req@width=\dimen142
)
(/usr/share/texlive/texmf-dist/tex/latex/tools/verbatim.sty
Package: verbatim 2023-11-06 v1.5v LaTeX2e package for verbatim enhancements
\every@verbatim=\toks20
\verbatim@line=\toks21
\verbatim@in@stream=\read2
)
(/usr/share/texlive/texmf-dist/tex/latex/fancyvrb/fancyvrb.sty
Package: fancyvrb 2024/01/20 4.5c verbatim text (tvz,hv)
\FV@CodeLineNo=\count196
\FV@InFile=\read3
\FV@TabBox=\box51
\c@FancyVerbLine=\count197
\FV@StepNumber=\count198
\FV@OutFile=\write3
)
(/usr/share/texlive/texmf-dist/tex/latex/listings/listings.sty
\lst@mode=\count199
\lst@gtempboxa=\box52
\lst@token=\toks22
\lst@length=\count266
\lst@currlwidth=\dimen143
\lst@column=\count267
\lst@pos=\count268
\lst@lostspace=\dimen144
\lst@width=\dimen145
\lst@newlines=\count269
\lst@lineno=\count270
\lst@maxwidth=\dimen146

(/usr/share/texlive/texmf-dist/tex/latex/listings/lstmisc.sty
File: lstmisc.sty 2023/02/27 1.9 (Carsten Heinz)
\c@lstnumber=\count271
\lst@skipnumbers=\count272
\lst@framebox=\box53
)
(/usr/share/texlive/texmf-dist/tex/latex/listings/listings.cfg
File: listings.cfg 2023/02/27 1.9 listings configuration
))
Package: listings 2023/02/27 1.9 (Carsten Heinz)

(/usr/share/texlive/texmf-dist/tex/latex/hyperref/hyperref.sty
Package: hyperref 2024-01-20 v7.01h Hypertext links for LaTeX

(/usr/share/texlive/texmf-dist/tex/generic/iftex/iftex.sty
Package: iftex 2022/02/03 v1.0f TeX engine tests
)
(/usr/share/texlive/texmf-dist/tex/latex/kvsetkeys/kvsetkeys.sty
Package: kvsetkeys 2022-10-05 v1.19 Key value parser (HO)
)
(/usr/share/texlive/texmf-dist/tex/generic/kvdefinekeys/kvdefinekeys.sty
Package: kvdefinekeys 2019-12-19 v1.6 Define keys (HO)
)
(/usr/share/texlive/texmf-dist/tex/generic/pdfescape/pdfescape.sty
Package: pdfescape 2019/12/09 v1.15 Implements pdfTeX's escape features (HO)

(/usr/share/texlive/texmf-dist/tex/generic/ltxcmds/ltxcmds.sty
Package: ltxcmds 2023-12-04 v1.26 LaTeX kernel commands for general use (HO)
)
(/usr/share/texlive/texmf-dist/tex/generic/pdftexcmds/pdftexcmds.sty
Package: pdftexcmds 2020-06-27 v0.33 Utility functions of pdfTeX for LuaTeX (HO
)

(/usr/share/texlive/texmf-dist/tex/generic/infwarerr/infwarerr.sty
Package: infwarerr 2019/12/03 v1.5 Providing info/warning/error messages (HO)
)
Package pdftexcmds Info: \pdf@primitive is available.
Package pdftexcmds Info: \pdf@ifprimitive is available.
Package pdftexcmds Info: \pdfdraftmode found.
))
(/usr/share/texlive/texmf-dist/tex/latex/hycolor/hycolor.sty
Package: hycolor 2020-01-27 v1.10 Color options for hyperref/bookmark (HO)
)
(/usr/share/texlive/texmf-dist/tex/latex/auxhook/auxhook.sty
Package: auxhook 2019-12-17 v1.6 Hooks for auxiliary files (HO)
)
(/usr/share/texlive/texmf-dist/tex/latex/hyperref/nameref.sty
Package: nameref 2023-11-26 v2.56 Cross-referencing by name of section

(/usr/share/texlive/texmf-dist/tex/latex/refcount/refcount.sty
Package: refcount 2019/12/15 v3.6 Data extraction from label references (HO)
)
(/usr/share/texlive/texmf-dist/tex/generic/gettitlestring/gettitlestring.sty
Package: gettitlestring 2019/12/15 v1.6 Cleanup title references (HO)

(/usr/share/texlive/texmf-dist/tex/latex/kvoptions/kvoptions.sty
Package: kvoptions 2022-06-15 v3.15 Key value format for package options (HO)
))
\c@section@level=\count273
)
(/usr/share/texlive/texmf-dist/tex/latex/etoolbox/etoolbox.sty
Package: etoolbox 2020/10/05 v2.5k e-TeX tools for LaTeX (JAW)
\etb@tempcnta=\count274
)
\@linkdim=\dimen147
\Hy@linkcounter=\count275
\Hy@pagecounter=\count276

(/usr/share/texlive/texmf-dist/tex/latex/hyperref/pd1enc.def
File: pd1enc.def 2024-01-20 v7.01h Hyperref: PDFDocEncoding definition (HO)
Now handling font encoding PD1 ...
... no UTF-8 mapping file for font encoding PD1
)
(/usr/share/texlive/texmf-dist/tex/generic/intcalc/intcalc.sty
Package: intcalc 2019/12/15 v1.3 Expandable calculations with integers (HO)
)
\Hy@SavedSpaceFactor=\count277

(/usr/share/texlive/texmf-dist/tex/latex/hyperref/puenc.def
File: puenc.def 2024-01-20 v7.01h Hyperref: PDF Unicode definition (HO)
Now handling font encoding PU ...
... no UTF-8 mapping file for font encoding PU
)
Package hyperref Info: Hyper figures OFF on input line 4179.
Package hyperref Info: Link nesting OFF on input line 4184.
Package hyperref Info: Hyper index ON on input line 4187.
Package hyperref Info: Plain pages OFF on input line 4194.
Package hyperref Info: Backreferencing OFF on input line 4199.
Package hyperref Info: Implicit mode ON; LaTeX internals redefined.
Package hyperref Info: Bookmarks ON on input line 4446.
\c@Hy@tempcnt=\count278

(/usr/share/texlive/texmf-dist/tex/latex/url/url.sty
\Urlmuskip=\muskip16
Package: url 2013/09/16  ver 3.4  Verb mode for urls, etc.
)
LaTeX Info: Redefining \url on input line 4784.
\XeTeXLinkMargin=\dimen148

(/usr/share/texlive/texmf-dist/tex/generic/bitset/bitset.sty
Package: bitset 2019/12/09 v1.3 Handle bit-vector datatype (HO)

(/usr/share/texlive/texmf-dist/tex/generic/bigintcalc/bigintcalc.sty
Package: bigintcalc 2019/12/15 v1.5 Expandable calculations on big integers (HO
)
))
\Fld@menulength=\count279
\Field@Width=\dimen149
\Fld@charsize=\dimen150
Package hyperref Info: Hyper figures OFF on input line 6063.
Package hyperref Info: Link nesting OFF on input line 6068.
Package hyperref Info: Hyper index ON on input line 6071.
Package hyperref Info: backreferencing OFF on input line 6078.
Package hyperref Info: Link coloring OFF on input line 6083.
Package hyperref Info: Link coloring with OCG OFF on input line 6088.
Package hyperref Info: PDF/A mode OFF on input line 6093.

(/usr/share/texlive/texmf-dist/tex/latex/base/atbegshi-ltx.sty
Package: atbegshi-ltx 2021/01/10 v1.0c Emulation of the original atbegshi
package with kernel methods
)
\Hy@abspage=\count280
\c@Item=\count281
\c@Hfootnote=\count282
)
Package hyperref Info: Driver (autodetected): hpdftex.

(/usr/share/texlive/texmf-dist/tex/latex/hyperref/hpdftex.def
File: hpdftex.def 2024-01-20 v7.01h Hyperref driver for pdfTeX

(/usr/share/texlive/texmf-dist/tex/latex/base/atveryend-ltx.sty
Package: atveryend-ltx 2020/08/19 v1.0a Emulation of the original atveryend pac
kage
with kernel methods
)
\Fld@listcount=\count283
\c@bookmark@seq@number=\count284

(/usr/share/texlive/texmf-dist/tex/latex/rerunfilecheck/rerunfilecheck.sty
Package: rerunfilecheck 2022-07-10 v1.10 Rerun checks for auxiliary files (HO)

(/usr/share/texlive/texmf-dist/tex/generic/uniquecounter/uniquecounter.sty
Package: uniquecounter 2019/12/15 v1.4 Provide unlimited unique counter (HO)
)
Package uniquecounter Info: New unique counter `rerunfilecheck' on input line 2
85.
)
\Hy@SectionHShift=\skip50
)
(/usr/share/texlive/texmf-dist/tex/latex/base/makeidx.sty
Package: makeidx 2021/10/04 v1.0m Standard LaTeX package
)
\@indexfile=\write4
\openout4 = `main.idx'.


Writing index file main.idx
(/usr/share/texlive/texmf-dist/tex/latex/l3backend/l3backend-pdftex.def
File: l3backend-pdftex.def 2024-01-04 L3 backend support: PDF output (pdfTeX)
\l__color_backend_stack_int=\count285
\l__pdf_internal_box=\box54
)
(./main.aux (./chapter1.aux) (./chapter2.aux) (./chapter3.aux) (./chapter4.aux)
(./chapter5.aux) (./appendixA.aux) (./appendixB.aux) (./appendixC.aux)
(./afterword.aux))
\openout1 = `main.aux'.

LaTeX Font Info:    Checking defaults for OML/cmm/m/it on input line 24.
LaTeX Font Info:    ... okay on input line 24.
LaTeX Font Info:    Checking defaults for OMS/cmsy/m/n on input line 24.
LaTeX Font Info:    ... okay on input line 24.
LaTeX Font Info:    Checking defaults for OT1/cmr/m/n on input line 24.
LaTeX Font Info:    ... okay on input line 24.
LaTeX Font Info:    Checking defaults for T1/cmr/m/n on input line 24.
LaTeX Font Info:    ... okay on input line 24.
LaTeX Font Info:    Checking defaults for TS1/cmr/m/n on input line 24.
LaTeX Font Info:    ... okay on input line 24.
LaTeX Font Info:    Checking defaults for OMX/cmex/m/n on input line 24.
LaTeX Font Info:    ... okay on input line 24.
LaTeX Font Info:    Checking defaults for U/cmr/m/n on input line 24.
LaTeX Font Info:    ... okay on input line 24.
LaTeX Font Info:    Checking defaults for PD1/pdf/m/n on input line 24.
LaTeX Font Info:    ... okay on input line 24.
LaTeX Font Info:    Checking defaults for PU/pdf/m/n on input line 24.
LaTeX Font Info:    ... okay on input line 24.

(/usr/share/texlive/texmf-dist/tex/context/base/mkii/supp-pdf.mkii
[Loading MPS to PDF converter (version 2006.09.02).]
\scratchcounter=\count286
\scratchdimen=\dimen151
\scratchbox=\box55
\nofMPsegments=\count287
\nofMParguments=\count288
\everyMPshowfont=\toks23
\MPscratchCnt=\count289
\MPscratchDim=\dimen152
\MPnumerator=\count290
\makeMPintoPDFobject=\count291
\everyMPtoPDFconversion=\toks24
) (/usr/share/texlive/texmf-dist/tex/latex/epstopdf-pkg/epstopdf-base.sty
Package: epstopdf-base 2020-01-24 v2.11 Base part for package epstopdf
Package epstopdf-base Info: Redefining graphics rule for `.eps' on input line 4
85.

(/usr/share/texlive/texmf-dist/tex/latex/latexconfig/epstopdf-sys.cfg
File: epstopdf-sys.cfg 2010/07/13 v1.3 Configuration of (r)epstopdf for TeX Liv
e
))
\c@lstlisting=\count292
Package hyperref Info: Link coloring OFF on input line 24.

(./main.out) (./main.out)
\@outlinefile=\write5
\openout5 = `main.out'.

LaTeX Font Info:    External font `cmex10' loaded for size
(Font)              <12> on input line 29.
LaTeX Font Info:    External font `cmex10' loaded for size
(Font)              <8> on input line 29.
LaTeX Font Info:    External font `cmex10' loaded for size
(Font)              <6> on input line 29.
 [1



{/var/lib/texmf/fonts/map/pdftex/updmap/pdftex.map}{/usr/share/texmf/fonts/enc/
dvips/cm-super/cm-super-t1.enc}] [2

{/usr/share/texmf/fonts/enc/dvips/cm-super/cm-super-ts1.enc}]
LaTeX Font Info:    External font `cmex10' loaded for size
(Font)              <24.88> on input line 40.
LaTeX Font Info:    External font `cmex10' loaded for size
(Font)              <20.74> on input line 40.
LaTeX Font Info:    External font `cmex10' loaded for size
(Font)              <17.28> on input line 40.
LaTeX Font Info:    External font `cmex10' loaded for size
(Font)              <9> on input line 40.
LaTeX Font Info:    External font `cmex10' loaded for size
(Font)              <5> on input line 40.
 [3


] [4] (./main.toc
LaTeX Font Info:    External font `cmex10' loaded for size
(Font)              <10.95> on input line 3.
 [5

] [6]
[7]
Overfull \hbox (3.00499pt too wide) in paragraph at lines 140--140
 [][] [][]\T1/cmr/m/n/10.95 Paradigms of Ar-ti-fi-cial In-tel-li-gence Pro-gram
-ming: Case 
 []

[8] [9])
\tf@toc=\write6
\openout6 = `main.toc'.

 [10]
\openout2 = `chapter1.aux'.

 (./chapter1.tex
Chapter 1.

Underfull \vbox (badness 10000) has occurred while \output is active []

 [1



]
[2] [3]) [4]
\openout2 = `chapter2.aux'.

 (./chapter2.tex
Chapter 2.
LaTeX Font Info:    Trying to load font information for T1+cmtt on input line 2
0.
(/usr/share/texlive/texmf-dist/tex/latex/base/t1cmtt.fd
File: t1cmtt.fd 2023/04/13 v2.5m Standard LaTeX font definitions
)
Underfull \vbox (badness 3019) has occurred while \output is active []

 [5




]
[6]
Overfull \hbox (1.7248pt too wide) in paragraph at lines 88--91
[]\T1/cmr/m/n/10.95 A short-cut for the \T1/cmtt/m/n/10.95 (excl:exit) \T1/cmr/
m/n/10.95 com-mand is the toplevel com-mand \T1/cmtt/m/n/10.95 :exit\T1/cmr/m/n
/10.95 .
 []

[7] [8]
Overfull \hbox (1.87173pt too wide) in paragraph at lines 178--180
[]\T1/cmr/m/n/10.95 They are key com-bi-na-tions in-volv-ing hold-ing down the 
Con-trol key and/or
 []

[9] [10] [11]
Overfull \hbox (3.37175pt too wide) in paragraph at lines 316--335
 [][] 
 []


LaTeX Warning: `h' float specifier changed to `ht'.

[12] [13] [14]
Overfull \hbox (3.82213pt too wide) in paragraph at lines 462--463
[]\T1/cmr/m/n/10.95 In Sec-tion 2.9 we will look at some tech-niques for man-ag
-ing larger projects,
 []

[15]
Overfull \hbox (7.79411pt too wide) in paragraph at lines 493--493
[]              \T1/cmtt/m/n/10.95 (when (not (string-equal " " (subseq x i (+ 
i 1))))[] 
 []

[16] [17] [18] [19]
Overfull \hbox (57.71346pt too wide) in paragraph at lines 651--655
\T1/cmr/m/n/10.95 very small projects, you can use the Al-le-gro CL func-tion \
T1/cmtt/m/n/10.95 excl:compile-file-if-needed\T1/cmr/m/n/10.95 ,
 []

[20] [21]) [22]
\openout2 = `chapter3.aux'.

 (./chapter3.tex
Chapter 3.
[23




]
Overfull \hbox (63.46103pt too wide) in paragraph at lines 47--47
 []\T1/cmtt/m/n/10.95 CL-USER(9): "Be braver -- you can't cross a chasm in two 
small jumps."[] 
 []

[24]
Overfull \hbox (41.74434pt too wide) in paragraph at lines 92--92
[]\T1/cmtt/m/n/10.95 (get-universal-time) ;; returns number of seconds since Ja
nuary 1, 1900[] 
 []

[25] [26] [27] [28] [29] [30] [31] [32] [33] [34] [35] [36]
Overfull \hbox (24.76923pt too wide) in paragraph at lines 645--645
[]\T1/cmtt/m/n/10.95 CL-USER(8): (member 'san-francisco '(boston san-francisco 
portland))[] 
 []

[37] [38]
Overfull \hbox (24.76923pt too wide) in paragraph at lines 696--696
[]\T1/cmtt/m/n/10.95 CL-USER(6): (setq my-slides '(introduction welcome lists f
unctions))[] 
 []


Overfull \hbox (2.74326pt too wide) in paragraph at lines 708--714
[]\T1/cmr/m/n/10.95 Note that the sim-ple call to \T1/cmtt/m/n/10.95 append \T1
/cmr/m/n/10.95 does not af-fect the vari-able \T1/cmtt/m/n/10.95 my-slides\T1/c
mr/m/n/10.95 .
 []

[39] [40] [41] [42] [43] [44] [45] [46]
Overfull \hbox (14.00165pt too wide) in paragraph at lines 1082--1084
\T1/cmr/m/n/10.95 Functional ar-gu-ments are ar-gu-ments to func-tions which th
em-selves are function-
 []

[47]
Overfull \hbox (24.76923pt too wide) in paragraph at lines 1112--1112
[]\T1/cmtt/m/n/10.95 CL-USER(20): (sort '((4 "Buffy") (2 "Keiko") (1 "Judy") (3
 "Aruna"))[] 
 []

[48]
Overfull \hbox (64.37782pt too wide) in paragraph at lines 1152--1152
[]\T1/cmtt/m/n/10.95 CL-USER(28): (greeting-list :greeting "how have you been?"
 :username "Joe")[] 
 []


Overfull \hbox (57.80103pt too wide) in paragraph at lines 1171--1173
\T1/cmr/m/n/10.95 and by de-fault this is iden-ti-cal to both \T1/cmtt/m/n/10.9
5 *standard-input* \T1/cmr/m/n/10.95 and \T1/cmtt/m/n/10.95 *standard-output*\T
1/cmr/m/n/10.95 . 
 []

[49] [50]
Overfull \hbox (50.83286pt too wide) in paragraph at lines 1248--1254
[]\T1/cmr/m/n/10.95 In the above ex-am-ple, \T1/cmtt/m/n/10.95 t \T1/cmr/m/n/10
.95 is used as a short-hand way of spec-i-fy-ing \T1/cmtt/m/n/10.95 *standard-o
utput*
 []


Overfull \hbox (3.52042pt too wide) in paragraph at lines 1267--1274
\T1/cmr/m/n/10.95 In or-der to name di-rec-to-ries and files on a com-puter fil
esys-tem in an operating-
 []

[51] [52] [53]
Overfull \hbox (37.72282pt too wide) in paragraph at lines 1358--1364
[]\T1/cmr/m/n/10.95 To work with hash ta-bles, CL pro-vides the con-struc-tor f
unc-tion \T1/cmtt/m/n/10.95 make-hash-table
 []

[54] [55] [56] [57] [58] [59] [60]
Overfull \hbox (30.4276pt too wide) in paragraph at lines 1667--1667
[]\T1/cmtt/m/n/10.95 (defun nearly-equal? (num1 num2 &optional (tolerance *zero
-epsilon*))[] 
 []

[61]
Overfull \hbox (35.17433pt too wide) in paragraph at lines 1722--1723
[]\T1/cmr/m/n/10.95 Its name be-gins with ``with-,'' as in \T1/cmtt/m/n/10.95 w
ith-open-file\T1/cmr/m/n/10.95 , \T1/cmtt/m/n/10.95 with-output-to-string\T1/cm
r/m/n/10.95 ,
 []

[62]) [63]
\openout2 = `chapter4.aux'.

 (./chapter4.tex [64




]
Chapter 4.
[65] [66] [67]
Overfull \hbox (13.45248pt too wide) in paragraph at lines 132--132
[]                  \T1/cmtt/m/n/10.95 (t (format stream "Sorry, I don't unders
tand~%")[] 
 []


Overfull \hbox (47.40271pt too wide) in paragraph at lines 148--148
[]                                    \T1/cmtt/m/n/10.95 :remote-port *socket-s
erver-port*)))[] 
 []

[68]
Overfull \hbox (27.80017pt too wide) in paragraph at lines 176--178
[]\T1/cmr/m/n/10.95 Also note that both the \T1/cmtt/m/n/10.95 socket:make-sock
et \T1/cmr/m/n/10.95 and \T1/cmtt/m/n/10.95 socket:accept-connection
 []

[69]
Overfull \hbox (24.76923pt too wide) in paragraph at lines 201--201
[]  \T1/cmtt/m/n/10.95 (let ((db (connect "localhost" "testdb" "testuser" "test
passwd")))[] 
 []


Overfull \hbox (7.79411pt too wide) in paragraph at lines 203--203
[]    \T1/cmtt/m/n/10.95 (sql db "insert into captable values (~d, '~a')" 1 "Ch
icago")[] 
 []


Overfull \hbox (2.13574pt too wide) in paragraph at lines 204--204
[]    \T1/cmtt/m/n/10.95 (sql db "insert into captable values (~d, '~a')" 2 "Au
stin")[] 
 []


Overfull \hbox (36.08597pt too wide) in paragraph at lines 205--205
[]    \T1/cmtt/m/n/10.95 (sql db "insert into captable values (~d, '~a')" 3 "Ph
iladelphia")[] 
 []


Overfull \hbox (75.69456pt too wide) in paragraph at lines 206--206
[]    \T1/cmtt/m/n/10.95 (dolist (row (sql db "select * from captable where id 
> 1" :types :auto))[] 
 []

[70]
Overfull \hbox (72.12578pt too wide) in paragraph at lines 279--281
[]\T1/cmr/m/n/10.95 Now, start your web browser and visit the page \T1/cmtt/m/n
/10.95 http://localhost:8000/welcome.html\T1/cmr/m/n/10.95 .
 []

[71]
Overfull \hbox (2.20306pt too wide) in paragraph at lines 302--304
[]\T1/cmr/m/n/10.95 To test the above ex-am-ple, visit the URL \T1/cmtt/m/n/10.
95 http://localhost:8000/hello
 []

[72]
Overfull \hbox (7.79411pt too wide) in paragraph at lines 326--326
[]                 \T1/cmtt/m/n/10.95 (let ((name (or (request-query-value "nam
e" req)[] 
 []


Overfull \hbox (47.40271pt too wide) in paragraph at lines 332--332
[]                            \T1/cmtt/m/n/10.95 (:h2 "Welcome, " (:princ name)
 "!"))))))))))[] 
 []


Overfull \hbox (2.13574pt too wide) in paragraph at lines 356--356
[]                 \T1/cmtt/m/n/10.95 (let ((color (request-query-value "color"
 req))[] 
 []


Overfull \hbox (7.79411pt too wide) in paragraph at lines 357--357
[]                       \T1/cmtt/m/n/10.95 (shape (request-query-value "shape"
 req)))[] 
 []


Overfull \hbox (24.76923pt too wide) in paragraph at lines 362--362
[]                           \T1/cmtt/m/n/10.95 (:princ (format nil "Color: ~a~
%" color))[] 
 []


Overfull \hbox (58.71945pt too wide) in paragraph at lines 364--364
[]                           \T1/cmtt/m/n/10.95 (:princ (format nil "Shape: ~a"
 shape))))))))))[] 
 []


Overfull \hbox (24.76923pt too wide) in paragraph at lines 370--370
[]\T1/cmtt/m/n/10.95 curl --data "color=red&shape=circle" http://localhost:8000
/form-test[] 
 []

[73]
Overfull \hbox (30.4276pt too wide) in paragraph at lines 377--377
[]\T1/cmtt/m/n/10.95 <body><h2>You posted:</h2>Color: red<br />Shape: circle</b
ody></html>[] 
 []

[74]) [75]
\openout2 = `chapter5.aux'.

 (./chapter5.tex [76




]
Chapter 5.
[77] [78]
Overfull \hbox (60.24777pt too wide) in paragraph at lines 115--117
\T1/cmr/m/n/10.95 thread should in-voke. The polling thread sim-ply calls the \
T1/cmtt/m/n/10.95 update-messages-from-server
 []

[79]
Overfull \hbox (19.11086pt too wide) in paragraph at lines 124--124
[]    \T1/cmtt/m/n/10.95 (let ((count (ignore-errors (pop:pop-message-count *po
p-server*[] 
 []


Overfull \hbox (30.4276pt too wide) in paragraph at lines 125--125
[]                                                       \T1/cmtt/m/n/10.95 *us
ername*))))[] 
 []


Overfull \hbox (20.94896pt too wide) in paragraph at lines 140--143
\T1/cmr/m/n/10.95 list, they are re-trieved and added to the list. The de-tails
 of the \T1/cmtt/m/n/10.95 retrieve-message
 []

[80]
Overfull \hbox (36.08597pt too wide) in paragraph at lines 168--168
[]                    \T1/cmtt/m/n/10.95 ((:form :method "post" :action "/squea
ky/compose")[] 
 []


Overfull \hbox (24.76923pt too wide) in paragraph at lines 169--169
[]                     \T1/cmtt/m/n/10.95 ((:input :type "submit" :value "Compo
se New")))[] 
 []


Overfull \hbox (2.13574pt too wide) in paragraph at lines 176--176
[]                          \T1/cmtt/m/n/10.95 (dolist (message (reverse *messa
ges*))[] 
 []


Overfull \hbox (58.71945pt too wide) in paragraph at lines 180--180
[]                                     \T1/cmtt/m/n/10.95 (format nil "/squeaky
/read?number=~a"[] 
 []


Overfull \hbox (41.74434pt too wide) in paragraph at lines 181--181
[]                                             \T1/cmtt/m/n/10.95 (message-numb
er message)))[] 
 []


Overfull \hbox (41.74434pt too wide) in paragraph at lines 182--182
[]                                    \T1/cmtt/m/n/10.95 (:princ (message-numbe
r message))))[] 
 []


Overfull \hbox (19.11086pt too wide) in paragraph at lines 183--183
[]                              \T1/cmtt/m/n/10.95 (:td (:princ (message-from m
essage)))[] 
 []


Overfull \hbox (36.08597pt too wide) in paragraph at lines 184--184
[]                              \T1/cmtt/m/n/10.95 (:td (:princ (message-subjec
t message)))[] 
 []


Overfull \hbox (47.40271pt too wide) in paragraph at lines 185--185
[]                              \T1/cmtt/m/n/10.95 (:td (:princ (message-date m
essage))))))))[] 
 []

[81]
Overfull \hbox (36.08597pt too wide) in paragraph at lines 202--202
[]             \T1/cmtt/m/n/10.95 (let* ((number-string (request-query-value "n
umber" req))[] 
 []


Overfull \hbox (75.69456pt too wide) in paragraph at lines 204--204
[]                              \T1/cmtt/m/n/10.95 (ignore-errors (parse-intege
r number-string))))[] 
 []


Overfull \hbox (75.69456pt too wide) in paragraph at lines 216--216
[]                          \T1/cmtt/m/n/10.95 (:b "From: ") (:princ (message-f
rom message)) (:br)[] 
 []


Overfull \hbox (75.69456pt too wide) in paragraph at lines 217--217
[]                          \T1/cmtt/m/n/10.95 (:b "Subject: ") (:princ (messag
e-subject message))[] 
 []


Overfull \hbox (75.69456pt too wide) in paragraph at lines 219--219
[]                          \T1/cmtt/m/n/10.95 (:b "Date: ") (:princ (message-d
ate message)) (:br)[] 
 []


Overfull \hbox (2.13574pt too wide) in paragraph at lines 221--221
[]                          \T1/cmtt/m/n/10.95 (:pre (:princ (message-body mess
age)))[] 
 []


Overfull \hbox (64.37782pt too wide) in paragraph at lines 223--223
[]                          \T1/cmtt/m/n/10.95 ((:form :method "post" :action "
/squeaky/delete")[] 
 []


Overfull \hbox (7.79411pt too wide) in paragraph at lines 224--224
[]                           \T1/cmtt/m/n/10.95 ((:input :type "hidden" :name "
number"[] 
 []


Overfull \hbox (30.4276pt too wide) in paragraph at lines 225--225
[]                                    \T1/cmtt/m/n/10.95 :value (format nil "~a
" number)))[] 
 []


Overfull \hbox (30.4276pt too wide) in paragraph at lines 226--226
[]                           \T1/cmtt/m/n/10.95 ((:input :type "submit" :value 
"Delete")))[] 
 []


Overfull \hbox (24.76923pt too wide) in paragraph at lines 227--227
[]                          \T1/cmtt/m/n/10.95 ((:a :href "/squeaky") "Back to 
Index"))))[] 
 []


Overfull \hbox (58.71945pt too wide) in paragraph at lines 233--233
[]                          \T1/cmtt/m/n/10.95 ((:a :href "/squeaky") "Back to 
Index"))))))))))[] 
 []


Underfull \vbox (badness 2799) has occurred while \output is active []

 [82]
Overfull \hbox (2.13574pt too wide) in paragraph at lines 251--251
[]                   \T1/cmtt/m/n/10.95 (subject (request-query-value "subject"
 req))[] 
 []


Overfull \hbox (7.79411pt too wide) in paragraph at lines 257--257
[]                         \T1/cmtt/m/n/10.95 (send-smtp-mail *smtp-server* *us
ername*[] 
 []


Overfull \hbox (41.74434pt too wide) in paragraph at lines 264--264
[]                            \T1/cmtt/m/n/10.95 ((:a :href "/squeaky") "Back t
o Index")))))[] 
 []


Overfull \hbox (70.0362pt too wide) in paragraph at lines 270--270
[]                          \T1/cmtt/m/n/10.95 ((:form :method "post" :action "
/squeaky/compose")[] 
 []


Overfull \hbox (70.0362pt too wide) in paragraph at lines 272--272
[]                           \T1/cmtt/m/n/10.95 ((:input :type "text" :name "to
" :size 40)) (:br)[] 
 []


Overfull \hbox (64.37782pt too wide) in paragraph at lines 274--274
[]                           \T1/cmtt/m/n/10.95 ((:input :type "text" :name "su
bject" :size 40))[] 
 []


Overfull \hbox (41.74434pt too wide) in paragraph at lines 276--276
[]                           \T1/cmtt/m/n/10.95 ((:textarea :name "body" :rows 
20 :cols 60))[] 
 []


Overfull \hbox (13.45248pt too wide) in paragraph at lines 278--278
[]                           \T1/cmtt/m/n/10.95 ((:input :type "submit" :value 
"Send"))[] 
 []


Overfull \hbox (13.45248pt too wide) in paragraph at lines 280--280
[]                           \T1/cmtt/m/n/10.95 ((:input :type "button" :value 
"Cancel"[] 
 []


Overfull \hbox (70.0362pt too wide) in paragraph at lines 281--281
[]                                    \T1/cmtt/m/n/10.95 :onclick "window.locat
ion='/squeaky'")))[] 
 []

[83]
Overfull \hbox (36.08597pt too wide) in paragraph at lines 299--299
[]             \T1/cmtt/m/n/10.95 (let* ((number-string (request-query-value "n
umber" req))[] 
 []


Overfull \hbox (81.35294pt too wide) in paragraph at lines 301--301
[]                              \T1/cmtt/m/n/10.95 (ignore-errors (parse-intege
r number-string)))))[] 
 []


Overfull \hbox (13.45248pt too wide) in paragraph at lines 305--305
[]                                           \T1/cmtt/m/n/10.95 :key #'message-
number))[] 
 []


Overfull \hbox (58.71945pt too wide) in paragraph at lines 307--307
[]                     \T1/cmtt/m/n/10.95 (pop:delete-letter *pop-server* *user
name* number))))[] 
 []


Overfull \hbox (30.4276pt too wide) in paragraph at lines 315--315
[]                      \T1/cmtt/m/n/10.95 ((:a :href "/squeaky") "Back to Inde
x")))))))))[] 
 []

[84] [85] [86]) [87] [88



]
\openout2 = `appendixA.aux'.

 (./appendixA.tex [89


]) [90]
\openout2 = `appendixB.aux'.

 (./appendixB.tex [91




]
Overfull \hbox (0.61028pt too wide) in paragraph at lines 44--44
[]\T1/cmr/bx/n/12 Object-Oriented Pro-gram-ming in Com-mon Lisp: A Pro-
 []


Overfull \hbox (14.47516pt too wide) in paragraph at lines 73--74
\T1/cmr/m/n/10.95 The ANSI Com-mon Lisp spec-i-fi-ca-tion in hy-per-text for-ma
t, fully cross-referenced
 []

[92]
Overfull \hbox (0.76314pt too wide) in paragraph at lines 125--125
[]\T1/cmr/bx/n/12 Common Lisp: A Gen-tle In-tro-duc-tion to Sym-bolic Com-
 []

[93]) [94]
\openout2 = `appendixC.aux'.

 (./appendixC.tex [95




] [96] [97]
Underfull \vbox (badness 3199) has occurred while \output is active []

 [98]
[99] [100]) [101]
\openout2 = `afterword.aux'.

 (./afterword.tex [102




] [103] [104] [105]) [106] (./main.ind
[107



] [108

]) (./main.aux (./chapter1.aux) (./chapter2.aux) (./chapter3.aux)
(./chapter4.aux) (./chapter5.aux) (./appendixA.aux) (./appendixB.aux)
(./appendixC.aux) (./afterword.aux))
 ***********
LaTeX2e <2023-11-01> patch level 1
L3 programming layer <2024-01-22>
 ***********
Package rerunfilecheck Info: File `main.out' has not changed.
(rerunfilecheck)             Checksum: 60A6414A1ADAA46617A9D89FED933A34;31306.
 ) 
Here is how much of TeX's memory you used:
 11234 strings out of 474222
 172967 string characters out of 5748733
 1942975 words of memory out of 5000000
 32944 multiletter control sequences out of 15000+600000
 578989 words of font info for 80 fonts, out of 8000000 for 9000
 1141 hyphenation exceptions out of 8191
 75i,8n,79p,533b,589s stack positions out of 10000i,1000n,20000p,200000b,200000s
</usr/share/texlive/texmf-dist/fonts/type1/public/amsfonts/cm/cmr10.pfb></usr
/share/texlive/texmf-dist/fonts/type1/public/amsfonts/cm/cmsy10.pfb></usr/share
/texmf/fonts/type1/public/cm-super/sfbx1095.pfb></usr/share/texmf/fonts/type1/p
ublic/cm-super/sfbx1200.pfb></usr/share/texmf/fonts/type1/public/cm-super/sfbx1
440.pfb></usr/share/texmf/fonts/type1/public/cm-super/sfbx2074.pfb></usr/share/
texmf/fonts/type1/public/cm-super/sfbx2488.pfb></usr/share/texmf/fonts/type1/pu
blic/cm-super/sfrm0600.pfb></usr/share/texmf/fonts/type1/public/cm-super/sfrm08
00.pfb></usr/share/texmf/fonts/type1/public/cm-super/sfrm0900.pfb></usr/share/t
exmf/fonts/type1/public/cm-super/sfrm1095.pfb></usr/share/texmf/fonts/type1/pub
lic/cm-super/sfrm1200.pfb></usr/share/texmf/fonts/type1/public/cm-super/sfrm172
8.pfb></usr/share/texmf/fonts/type1/public/cm-super/sfrm2074.pfb></usr/share/te
xmf/fonts/type1/public/cm-super/sfsl1095.pfb></usr/share/texmf/fonts/type1/publ
ic/cm-super/sfti1095.pfb></usr/share/texmf/fonts/type1/public/cm-super/sftt0900
.pfb></usr/share/texmf/fonts/type1/public/cm-super/sftt1095.pfb>
Output written on main.pdf (118 pages, 582134 bytes).
PDF statistics:
 1739 PDF objects out of 2073 (max. 8388607)
 1565 compressed objects within 16 object streams
 357 named destinations out of 1000 (max. 500000)
 1417 words of extra memory for PDF output out of 10000 (max. 10000000)

